Traceback (most recent call last):
  File "/opt/miniconda3/envs/ml_venv/lib/python3.9/site-packages/jupyter_cache/executors/utils.py", line 58, in single_nb_execution
    executenb(
  File "/opt/miniconda3/envs/ml_venv/lib/python3.9/site-packages/nbclient/client.py", line 1117, in execute
    return NotebookClient(nb=nb, resources=resources, km=km, **kwargs).execute()
  File "/opt/miniconda3/envs/ml_venv/lib/python3.9/site-packages/nbclient/util.py", line 78, in wrapped
    return just_run(coro(*args, **kwargs))
  File "/opt/miniconda3/envs/ml_venv/lib/python3.9/site-packages/nbclient/util.py", line 57, in just_run
    return loop.run_until_complete(coro)
  File "/opt/miniconda3/envs/ml_venv/lib/python3.9/asyncio/base_events.py", line 647, in run_until_complete
    return future.result()
  File "/opt/miniconda3/envs/ml_venv/lib/python3.9/site-packages/nbclient/client.py", line 558, in async_execute
    await self.async_execute_cell(
  File "/opt/miniconda3/envs/ml_venv/lib/python3.9/site-packages/nbclient/client.py", line 862, in async_execute_cell
    self._check_raise_for_error(cell, exec_reply)
  File "/opt/miniconda3/envs/ml_venv/lib/python3.9/site-packages/nbclient/client.py", line 765, in _check_raise_for_error
    raise CellExecutionError.from_cell_and_msg(cell, exec_reply_content)
nbclient.exceptions.CellExecutionError: An error occurred while executing the following cell:
------------------

from sklearn.metrics import roc_curve
import matplotlib.pyplot as plt

# Calcular puntos de la curva ROC
fpr, tpr, thresholds = roc_curve(all_y_true, all_y_scores)

# Graficar la curva ROC
plt.figure(figsize=(8, 6))
plt.plot(fpr, tpr, color='blue', label=f'ROC Curve (AUC = {auc_score:.4f})')
plt.plot([0, 1], [0, 1], color='gray', linestyle='--', label='Random Classifier')
plt.xlabel('False Positive Rate')
plt.ylabel('True Positive Rate')
plt.title('ROC Curve')
plt.legend(loc='lower right')
plt.grid(True)
plt.show()

# Calcular AUC
auc_score = roc_auc_score(all_y_true, all_y_scores)
print(f"AUC Score: {auc_score:.4f}")
------------------

[0;31m---------------------------------------------------------------------------[0m
[0;31mNameError[0m                                 Traceback (most recent call last)
[0;32m/var/folders/k9/_sfb2dlj32z_v_srr2ny3qnm0000gn/T/ipykernel_3403/2241200566.py[0m in [0;36m<module>[0;34m[0m
[1;32m      7[0m [0;31m# Graficar la curva ROC[0m[0;34m[0m[0;34m[0m[0m
[1;32m      8[0m [0mplt[0m[0;34m.[0m[0mfigure[0m[0;34m([0m[0mfigsize[0m[0;34m=[0m[0;34m([0m[0;36m8[0m[0;34m,[0m [0;36m6[0m[0;34m)[0m[0;34m)[0m[0;34m[0m[0;34m[0m[0m
[0;32m----> 9[0;31m [0mplt[0m[0;34m.[0m[0mplot[0m[0;34m([0m[0mfpr[0m[0;34m,[0m [0mtpr[0m[0;34m,[0m [0mcolor[0m[0;34m=[0m[0;34m'blue'[0m[0;34m,[0m [0mlabel[0m[0;34m=[0m[0;34mf'ROC Curve (AUC = {auc_score:.4f})'[0m[0;34m)[0m[0;34m[0m[0;34m[0m[0m
[0m[1;32m     10[0m [0mplt[0m[0;34m.[0m[0mplot[0m[0;34m([0m[0;34m[[0m[0;36m0[0m[0;34m,[0m [0;36m1[0m[0;34m][0m[0;34m,[0m [0;34m[[0m[0;36m0[0m[0;34m,[0m [0;36m1[0m[0;34m][0m[0;34m,[0m [0mcolor[0m[0;34m=[0m[0;34m'gray'[0m[0;34m,[0m [0mlinestyle[0m[0;34m=[0m[0;34m'--'[0m[0;34m,[0m [0mlabel[0m[0;34m=[0m[0;34m'Random Classifier'[0m[0;34m)[0m[0;34m[0m[0;34m[0m[0m
[1;32m     11[0m [0mplt[0m[0;34m.[0m[0mxlabel[0m[0;34m([0m[0;34m'False Positive Rate'[0m[0;34m)[0m[0;34m[0m[0;34m[0m[0m

[0;31mNameError[0m: name 'auc_score' is not defined
NameError: name 'auc_score' is not defined

